// Jest Snapshot v1, https://goo.gl/fbAQLP

exports[`START_PAGE_TEST matches snapshot 1`] = `[Function]`;
